Loading patrickjohncyh/fashion-clip on cpu...
Warning: You are sending unauthenticated requests to the HF Hub. Please set a HF_TOKEN to enable higher rate limits and faster downloads.
Loading weights:   0%|          | 0/398 [00:00<?, ?it/s]Loading weights:   4%|▍         | 16/398 [00:00<00:02, 158.27it/s]Loading weights:  17%|█▋        | 69/398 [00:00<00:00, 362.71it/s]Loading weights:  26%|██▋       | 105/398 [00:00<00:01, 259.01it/s]Loading weights:  34%|███▎      | 134/398 [00:00<00:01, 243.00it/s]Loading weights:  40%|████      | 160/398 [00:00<00:01, 237.59it/s]Loading weights:  51%|█████     | 201/398 [00:00<00:00, 281.86it/s]Loading weights: 100%|██████████| 398/398 [00:00<00:00, 510.61it/s]
== deepfashion_full: 5188 triplets
[deepfashion] 2791 new products, 11305 images to embed
[deepfashion] image embedding done in 1165.0s
  alpha=0.0  with_src={'R@1': 19.14, 'R@5': 38.9, 'R@10': 48.28}  src_excluded={'R@1': 19.47, 'R@5': 39.11, 'R@10': 48.5}  src@1=1.93%
  alpha=0.25 with_src={'R@1': 23.82, 'R@5': 55.17, 'R@10': 67.27}  src_excluded={'R@1': 31.11, 'R@5': 57.9, 'R@10': 68.54}  src@1=39.34%
  alpha=0.5  with_src={'R@1': 0.87, 'R@5': 47.96, 'R@10': 64.42}  src_excluded={'R@1': 21.34, 'R@5': 52.68, 'R@10': 66.09}  src@1=97.57%
  alpha=0.75 with_src={'R@1': 0.0, 'R@5': 25.98, 'R@10': 43.95}  src_excluded={'R@1': 7.04, 'R@5': 30.38, 'R@10': 46.68}  src@1=100.0%
  alpha=1.0  with_src={'R@1': 0.0, 'R@5': 13.84, 'R@10': 26.14}  src_excluded={'R@1': 3.35, 'R@5': 16.63, 'R@10': 28.2}  src@1=100.0%
== f200k_sample1500: 1500 triplets
[f200k] 2367 new products, 7230 images to embed
[f200k] image embedding done in 734.2s
  alpha=0.0  with_src={'R@1': 18.8, 'R@5': 34.47, 'R@10': 43.27}  src_excluded={'R@1': 19.13, 'R@5': 34.73, 'R@10': 43.4}  src@1=2.0%
  alpha=0.25 with_src={'R@1': 18.6, 'R@5': 51.0, 'R@10': 62.8}  src_excluded={'R@1': 31.07, 'R@5': 53.6, 'R@10': 64.0}  src@1=51.0%
  alpha=0.5  with_src={'R@1': 0.13, 'R@5': 48.33, 'R@10': 63.0}  src_excluded={'R@1': 24.13, 'R@5': 53.13, 'R@10': 65.07}  src@1=99.87%
  alpha=0.75 with_src={'R@1': 0.0, 'R@5': 31.67, 'R@10': 47.8}  src_excluded={'R@1': 12.6, 'R@5': 36.0, 'R@10': 49.87}  src@1=100.0%
  alpha=1.0  with_src={'R@1': 0.0, 'R@5': 20.0, 'R@10': 33.67}  src_excluded={'R@1': 6.67, 'R@5': 24.53, 'R@10': 35.2}  src@1=100.0%
== f200k_sample2000: 2000 triplets
[f200k] 601 new products, 1835 images to embed
[f200k] image embedding done in 177.1s
  alpha=0.0  with_src={'R@1': 18.25, 'R@5': 32.5, 'R@10': 40.6}  src_excluded={'R@1': 18.55, 'R@5': 32.5, 'R@10': 40.7}  src@1=1.7%
  alpha=0.25 with_src={'R@1': 18.05, 'R@5': 48.7, 'R@10': 59.8}  src_excluded={'R@1': 28.75, 'R@5': 50.9, 'R@10': 61.15}  src@1=49.8%
  alpha=0.5  with_src={'R@1': 0.15, 'R@5': 44.55, 'R@10': 59.05}  src_excluded={'R@1': 21.6, 'R@5': 49.2, 'R@10': 60.8}  src@1=99.8%
  alpha=0.75 with_src={'R@1': 0.0, 'R@5': 27.65, 'R@10': 42.6}  src_excluded={'R@1': 9.85, 'R@5': 32.2, 'R@10': 44.4}  src@1=100.0%
  alpha=1.0  with_src={'R@1': 0.0, 'R@5': 16.7, 'R@10': 28.95}  src_excluded={'R@1': 5.25, 'R@5': 20.7, 'R@10': 31.0}  src@1=100.0%
Saved to D:/1/Intern12/out/baseline_ext_patrickjohncyh_fashion-clip.json
