[{"stream_name":"stdout","time":0.886123977,"data":"+ /usr/bin/python3 -m pip install -q -U 'huggingface_hub==1.33.0' 'transformers\u003e=5.0' pyarrow\n"}
,{"stream_name":"stdout","time":6.067672414,"data":"   ━━━━━━━━━━━━━━━━━━━━━━━━━━━━━━━━━━━━━━━━ 846.4/846.4 kB 13.6 MB/s eta 0:00:00\n"}
,{"stream_name":"stdout","time":6.183029662,"data":"   ━━━━━━━━━━━━━━━━━━━━━━━━━━━━━━━━━━━━━━━━ 12.3/12.3 MB 104.2 MB/s eta 0:00:00\n"}
,{"stream_name":"stdout","time":6.671897089,"data":"   ━━━━━━━━━━━━━━━━━━━━━━━━━━━━━━━━━━━━━━━━ 50.1/50.1 MB 38.6 MB/s eta 0:00:00\n"}
,{"stream_name":"stdout","time":6.700260146,"data":"   ━━━━━━━━━━━━━━━━━━━━━━━━━━━━━━━━━━━━━━━━ 125.3/125.3 kB 6.3 MB/s eta 0:00:00\n"}
,{"stream_name":"stdout","time":6.752920087,"data":"   ━━━━━━━━━━━━━━━━━━━━━━━━━━━━━━━━━━━━━━━━ 4.5/4.5 MB 102.6 MB/s eta 0:00:00\n"}
,{"stream_name":"stdout","time":6.781412993,"data":"   ━━━━━━━━━━━━━━━━━━━━━━━━━━━━━━━━━━━━━━━━ 516.0/516.0 kB 25.8 MB/s eta 0:00:00\n"}
,{"stream_name":"stdout","time":6.834617136,"data":"   ━━━━━━━━━━━━━━━━━━━━━━━━━━━━━━━━━━━━━━━━ 3.4/3.4 MB 77.5 MB/s eta 0:00:00\n"}
,{"stream_name":"stderr","time":25.055057611,"data":"ERROR: pip's dependency resolver does not currently take into account all the packages that are installed. This behaviour is the source of the following dependency conflicts.\n"}
,{"stream_name":"stderr","time":25.055141876,"data":"bigframes 2.39.0 requires google-cloud-bigquery-storage\u003c3.0.0,\u003e=2.30.0, which is not installed.\n"}
,{"stream_name":"stderr","time":25.055150116,"data":"google-adk 1.29.0 requires google-cloud-bigquery-storage\u003e=2.0.0, which is not installed.\n"}
,{"stream_name":"stdout","time":25.20893339,"data":"+ /usr/bin/python3 -m pip install -q causal-conv1d flash-linear-attention\n"}
,{"stream_name":"stdout","time":146.210642036,"data":"     ━━━━━━━━━━━━━━━━━━━━━━━━━━━━━━━━━━━━━━━ 45.6/45.6 kB 463.1 kB/s eta 0:00:00\n"}
,{"stream_name":"stdout","time":146.278357275,"data":"     ━━━━━━━━━━━━━━━━━━━━━━━━━━━━━━━━━━━━━━━━ 45.3/45.3 kB 2.0 MB/s eta 0:00:00\n"}
,{"stream_name":"stdout","time":146.535676432,"data":"   ━━━━━━━━━━━━━━━━━━━━━━━━━━━━━━━━━━━━━━━━ 399.6/399.6 kB 11.2 MB/s eta 0:00:00\n"}
,{"stream_name":"stdout","time":146.574010269,"data":"   ━━━━━━━━━━━━━━━━━━━━━━━━━━━━━━━━━━━━━━━━ 819.2/819.2 kB 28.8 MB/s eta 0:00:00\n"}
,{"stream_name":"stderr","time":149.066972539,"data":"  error: subprocess-exited-with-error\n"}
,{"stream_name":"stderr","time":149.067005111,"data":"  \n"}
,{"stream_name":"stderr","time":149.067010503,"data":"  × Building wheel for causal-conv1d (pyproject.toml) did not run successfully.\n"}
,{"stream_name":"stderr","time":149.067016132,"data":"  │ exit code: 1\n"}
,{"stream_name":"stderr","time":149.067022361,"data":"  ╰─\u003e See above for output.\n"}
,{"stream_name":"stderr","time":149.06703044,"data":"  \n"}
,{"stream_name":"stderr","time":149.067033589,"data":"  note: This error originates from a subprocess, and is likely not a problem with pip.\n"}
,{"stream_name":"stderr","time":149.067709133,"data":"  ERROR: Failed building wheel for causal-conv1d\n"}
,{"stream_name":"stderr","time":149.068361823,"data":"ERROR: ERROR: Failed to build installable wheels for some pyproject.toml based projects (causal-conv1d)\n"}
,{"stream_name":"stdout","time":150.511852619,"data":"+ git clone -q https://github.com/yuandaxia2001/FashionMV.git /kaggle/working/FashionMV\n"}
,{"stream_name":"stdout","time":152.796857194,"data":"Downloading annotations...\n"}
,{"stream_name":"stderr","time":153.38421125,"data":"\rFetching 6 files:   0%|          | 0/6 [00:00\u003c?, ?it/s]Warning: You are sending unauthenticated requests to the HF Hub. Please set a HF_TOKEN to enable higher rate limits and faster downloads.\n"}
,{"stream_name":"stderr","time":155.218172423,"data":"\rFetching 6 files:  17%|█▋        | 1/6 [00:00\u003c00:00,  5.57it/s]\rFetching 6 files:  67%|██████▋   | 4/6 [00:00\u003c00:00,  9.85it/s]\rFetching 6 files:  83%|████████▎ | 5/6 [00:01\u003c00:00,  2.10it/s]\rFetching 6 files: 100%|██████████| 6/6 [00:01\u003c00:00,  3.07it/s]\n"}
,{"stream_name":"stdout","time":155.218318446,"data":"Downloading checkpoint...\n"}
,{"stream_name":"stderr","time":160.711995473,"data":"\rFetching 9 files:   0%|          | 0/9 [00:00\u003c?, ?it/s]\rFetching 9 files:  11%|█         | 1/9 [00:00\u003c00:01,  6.55it/s]\rFetching 9 files:  44%|████▍     | 4/9 [00:00\u003c00:00, 17.18it/s]\rFetching 9 files:  89%|████████▉ | 8/9 [00:00\u003c00:00,  7.44it/s]\rFetching 9 files: 100%|██████████| 9/9 [00:05\u003c00:00,  1.72it/s]\n"}
,{"stream_name":"stdout","time":160.713340069,"data":"Downloading Fashion200K image source (Marqo/fashion200k)...\n"}
,{"stream_name":"stderr","time":168.078238129,"data":"\rFetching 9 files:   0%|          | 0/9 [00:00\u003c?, ?it/s]\rFetching 9 files:  11%|█         | 1/9 [00:02\u003c00:23,  2.94s/it]\rFetching 9 files:  22%|██▏       | 2/9 [00:03\u003c00:09,  1.31s/it]\rFetching 9 files:  33%|███▎      | 3/9 [00:04\u003c00:07,  1.29s/it]\rFetching 9 files:  44%|████▍     | 4/9 [00:05\u003c00:05,  1.14s/it]\rFetching 9 files:  56%|█████▌    | 5/9 [00:06\u003c00:04,  1.11s/it]\rFetching 9 files:  67%|██████▋   | 6/9 [00:06\u003c00:02,  1.25it/s]\rFetching 9 files:  89%|████████▉ | 8/9 [00:07\u003c00:00,  1.84it/s]\rFetching 9 files: 100%|██████████| 9/9 [00:07\u003c00:00,  1.27it/s]\n"}
,{"stream_name":"stdout","time":168.269141438,"data":"val_triplets f200k product ids needed: 10720\n"}
,{"stream_name":"stdout","time":177.511195321,"data":"  processed data-00000-of-00009.parquet, written so far: 2221\n"}
,{"stream_name":"stdout","time":178.278699855,"data":"  processed data-00001-of-00009.parquet, written so far: 4693\n"}
,{"stream_name":"stdout","time":178.836560557,"data":"  processed data-00002-of-00009.parquet, written so far: 7090\n"}
,{"stream_name":"stdout","time":179.404946466,"data":"  processed data-00003-of-00009.parquet, written so far: 8992\n"}
,{"stream_name":"stdout","time":179.840729222,"data":"  processed data-00004-of-00009.parquet, written so far: 11252\n"}
,{"stream_name":"stdout","time":180.391061213,"data":"  processed data-00005-of-00009.parquet, written so far: 13668\n"}
,{"stream_name":"stdout","time":180.967205795,"data":"  processed data-00006-of-00009.parquet, written so far: 16130\n"}
,{"stream_name":"stdout","time":181.67142883,"data":"  processed data-00007-of-00009.parquet, written so far: 18536\n"}
,{"stream_name":"stdout","time":182.264488299,"data":"  processed data-00008-of-00009.parquet, written so far: 20923\n"}
,{"stream_name":"stdout","time":182.264535179,"data":"Written images: 20923, product ids covered: 6908/10720\n"}
,{"stream_name":"stdout","time":182.355819166,"data":"Usable f200k triplets (both images present): 8920 / 18499\n"}
,{"stream_name":"stdout","time":182.357881335,"data":"Subsampled f200k triplets for eval: 2000\n"}
,{"stream_name":"stdout","time":182.357896439,"data":"+ /usr/bin/python3 evaluate.py --model_path /kaggle/working/hf_model --image_root /kaggle/working/images --data_dir /kaggle/working/hf_data_sample --datasets f200k --output_dir /kaggle/working/results --batch_size 48\n"}
,{"stream_name":"stdout","time":211.566993039,"data":"============================================================\n"}
,{"stream_name":"stdout","time":211.56703766,"data":"  FashionMV CIR Evaluation\n"}
,{"stream_name":"stdout","time":211.567044596,"data":"  Model:    /kaggle/working/hf_model\n"}
,{"stream_name":"stdout","time":211.567049901,"data":"  Datasets: f200k\n"}
,{"stream_name":"stdout","time":211.567055035,"data":"  GPUs:     1\n"}
,{"stream_name":"stdout","time":211.567060175,"data":"============================================================\n"}
,{"stream_name":"stderr","time":211.741015209,"data":"\rLoading weights:   0%|          | 0/473 [00:00\u003c?, ?it/s]\rLoading weights:  57%|█████▋    | 271/473 [00:00\u003c00:00, 2696.14it/s]\rLoading weights: 100%|██████████| 473/473 [00:00\u003c00:00, 2721.74it/s]\n"}
,{"stream_name":"stdout","time":212.780766339,"data":"[ProductValDataset] Loaded 2968 products\n"}
,{"stream_name":"stderr","time":608.265443367,"data":"\rEncoding gallery:   0%|          | 0/62 [00:00\u003c?, ?it/s][transformers] `causal_conv1d_fn` is falling back to its reference PyTorch implementation because `causal_conv1d` is not installed. This is correct but much slower; install `causal_conv1d` for the optimized kernel.\n"}
,{"stream_name":"stderr","time":608.632628823,"data":"[transformers] `chunk_gated_delta_rule` is falling back to its reference PyTorch implementation because `flash-linear-attention` is not installed. This is correct but much slower; install `flash-linear-attention` for the optimized kernel.\n"}
,{"stream_name":"stderr","time":25999.61799156,"data":"\rEncoding gallery:   2%|▏         | 1/62 [06:58\u003c7:05:49, 418.84s/it]\rEncoding gallery:   3%|▎         | 2/62 [14:07\u003c7:04:26, 424.45s/it]\rEncoding gallery:   5%|▍         | 3/62 [21:36\u003c7:08:34, 435.84s/it]\rEncoding gallery:   6%|▋         | 4/62 [27:50\u003c6:37:44, 411.46s/it]\rEncoding gallery:   8%|▊         | 5/62 [34:14\u003c6:21:28, 401.55s/it]\rEncoding gallery:  10%|▉         | 6/62 [41:43\u003c6:29:37, 417.46s/it]\rEncoding gallery:  11%|█▏        | 7/62 [49:00\u003c6:28:43, 424.06s/it]\rEncoding gallery:  13%|█▎        | 8/62 [56:48\u003c6:34:07, 437.92s/it]\rEncoding gallery:  15%|█▍        | 9/62 [1:03:46\u003c6:21:19, 431.68s/it]\rEncoding gallery:  16%|█▌        | 10/62 [1:10:45\u003c6:10:51, 427.91s/it]\rEncoding gallery:  18%|█▊        | 11/62 [1:17:33\u003c5:58:34, 421.86s/it]\rEncoding gallery:  19%|█▉        | 12/62 [1:24:34\u003c5:51:19, 421.59s/it]\rEncoding gallery:  21%|██        | 13/62 [1:31:56\u003c5:49:16, 427.69s/it]\rEncoding gallery:  23%|██▎       | 14/62 [1:38:41\u003c5:36:35, 420.75s/it]\rEncoding gallery:  24%|██▍       | 15/62 [1:46:03\u003c5:34:42, 427.29s/it]\rEncoding gallery:  26%|██▌       | 16/62 [1:52:43\u003c5:21:20, 419.15s/it]\rEncoding gallery:  27%|██▋       | 17/62 [1:59:57\u003c5:17:37, 423.51s/it]\rEncoding gallery:  29%|██▉       | 18/62 [2:06:52\u003c5:08:34, 420.78s/it]\rEncoding gallery:  31%|███       | 19/62 [2:13:03\u003c4:50:52, 405.86s/it]\rEncoding gallery:  32%|███▏      | 20/62 [2:19:45\u003c4:43:17, 404.71s/it]\rEncoding gallery:  34%|███▍      | 21/62 [2:26:58\u003c4:42:24, 413.28s/it]\rEncoding gallery:  35%|███▌      | 22/62 [2:33:07\u003c4:26:45, 400.14s/it]\rEncoding gallery:  37%|███▋      | 23/62 [2:39:19\u003c4:14:34, 391.66s/it]\rEncoding gallery:  39%|███▊      | 24/62 [2:46:59\u003c4:21:03, 412.20s/it]\rEncoding gallery:  40%|████      | 25/62 [2:54:22\u003c4:19:49, 421.33s/it]\rEncoding gallery:  42%|████▏     | 26/62 [3:01:15\u003c4:11:13, 418.71s/it]\rEncoding gallery:  44%|████▎     | 27/62 [3:08:21\u003c4:05:38, 421.09s/it]\rEncoding gallery:  45%|████▌     | 28/62 [3:14:40\u003c3:51:28, 408.49s/it]\rEncoding gallery:  47%|████▋     | 29/62 [3:21:52\u003c3:48:29, 415.45s/it]\rEncoding gallery:  48%|████▊     | 30/62 [3:28:45\u003c3:41:06, 414.57s/it]\rEncoding gallery:  50%|█████     | 31/62 [3:35:15\u003c3:30:27, 407.35s/it]\rEncoding gallery:  52%|█████▏    | 32/62 [3:42:06\u003c3:24:11, 408.37s/it]\rEncoding gallery:  53%|█████▎    | 33/62 [3:48:14\u003c3:11:32, 396.29s/it]\rEncoding gallery:  55%|█████▍    | 34/62 [3:54:31\u003c3:02:15, 390.56s/it]\rEncoding gallery:  56%|█████▋    | 35/62 [4:01:37\u003c3:00:34, 401.29s/it]\rEncoding gallery:  58%|█████▊    | 36/62 [4:08:21\u003c2:54:12, 402.02s/it]\rEncoding gallery:  60%|█████▉    | 37/62 [4:14:39\u003c2:44:29, 394.76s/it]\rEncoding gallery:  61%|██████▏   | 38/62 [4:22:03\u003c2:43:51, 409.66s/it]\rEncoding gallery:  63%|██████▎   | 39/62 [4:29:26\u003c2:40:47, 419.45s/it]\rEncoding gallery:  65%|██████▍   | 40/62 [4:37:06\u003c2:38:18, 431.76s/it]\rEncoding gallery:  66%|██████▌   | 41/62 [4:44:02\u003c2:29:23, 426.85s/it]\rEncoding gallery:  68%|██████▊   | 42/62 [4:51:07\u003c2:22:05, 426.29s/it]\rEncoding gallery:  69%|██████▉   | 43/62 [4:57:39\u003c2:11:47, 416.17s/it]\rEncoding gallery:  71%|███████   | 44/62 [5:04:43\u003c2:05:31, 418.39s/it]\rEncoding gallery:  73%|███████▎  | 45/62 [5:12:08\u003c2:00:49, 426.44s/it]\rEncoding gallery:  74%|███████▍  | 46/62 [5:19:14\u003c1:53:39, 426.20s/it]\rEncoding gallery:  76%|███████▌  | 47/62 [5:26:11\u003c1:45:53, 423.56s/it]\rEncoding gallery:  77%|███████▋  | 48/62 [5:33:35\u003c1:40:14, 429.60s/it]\rEncoding gallery:  79%|███████▉  | 49/62 [5:40:40\u003c1:32:48, 428.38s/it]\rEncoding gallery:  81%|████████  | 50/62 [5:47:50\u003c1:25:46, 428.91s/it]\rEncoding gallery:  82%|████████▏ | 51/62 [5:54:01\u003c1:15:24, 411.36s/it]\rEncoding gallery:  84%|████████▍ | 52/62 [6:00:54\u003c1:08:38, 411.87s/it]\rEncoding gallery:  85%|████████▌ | 53/62 [6:07:30\u003c1:01:03, 407.09s/it]\rEncoding gallery:  87%|████████▋ | 54/62 [6:14:31\u003c54:50, 411.28s/it]  \rEncoding gallery:  89%|████████▊ | 55/62 [6:21:05\u003c47:23, 406.27s/it]\rEncoding gallery:  90%|█████████ | 56/62 [6:27:22\u003c39:43, 397.29s/it]\rEncoding gallery:  92%|█████████▏| 57/62 [6:34:33\u003c33:57, 407.55s/it]\rEncoding gallery:  94%|█████████▎| 58/62 [6:41:47\u003c27:42, 415.50s/it]\rEncoding gallery:  95%|█████████▌| 59/62 [6:47:48\u003c19:56, 398.98s/it]\rEncoding gallery:  97%|█████████▋| 60/62 [6:55:23\u003c13:51, 415.78s/it]\rEncoding gallery:  98%|█████████▊| 61/62 [7:02:59\u003c07:07, 427.96s/it]\rEncoding gallery: 100%|██████████| 62/62 [7:09:46\u003c00:00, 421.72s/it]\rEncoding gallery: 100%|██████████| 62/62 [7:09:46\u003c00:00, 415.92s/it]\n"}
,{"stream_name":"stdout","time":25999.988868789,"data":"Gallery: 2968 products (25787.1s)\n"}
,{"stream_name":"stdout","time":25999.988904806,"data":"[CIRValDataset] Loaded 2000 triplets (f200k: 2000)\n"}
]